// Jest Snapshot v1, https://goo.gl/fbAQLP

exports[`CACHE_KEYS should match the expected structure snapshot 1`] = `
{
  "LIST": [Function],
  "LISTS": [Function],
  "SEARCH_RESULTS": [Function],
  "TASK": [Function],
  "TASK_LIST": [Function],
  "USER": [Function],
}
`;
