// Jest Snapshot v1, https://goo.gl/fbAQLP

exports[`reorderArray should match the expected structure snapshot 1`] = `[Function]`;
